
> promptoria@0.1.0 build
> next build

 ⚠ Disabling SWC Minifer will not be an option in the next major version. Please report any issues you may be experiencing to https://github.com/vercel/next.js/issues
   ▲ Next.js 14.0.4
   - Environments: .env.local

   Creating an optimized production build ...
